// Vitest Snapshot v1, https://vitest.dev/guide/snapshot.html

exports[`real data file 1`] = `
[
  {
    "color": "255 255 0",
    "id": 0,
    "label": "Multiple organisms",
    "leafCount": "101",
  },
  {
    "accessionNbr": "XP_028299583.1",
    "alignIndex": "60",
    "blastName": "bony fishes",
    "collapsed": "0",
    "color": "255 69 0",
    "commonName": "blunt-snouted clingfish",
    "dist": "0.0477564",
    "id": 1,
    "label": "sodium/glucose cotransporter 4 [Gouania willdenowi]",
    "organism": "Gouania willdenowi",
    "parent": 0,
    "seqId": "ref|XP_028299583.1",
    "seqTitle": "sodium/glucose cotransporter 4 [Gouania willdenowi]",
  },
  {
    "collapsed": "0",
    "color": "255 255 0",
    "dist": "0.0477564",
    "id": 2,
    "label": "Multiple organisms",
    "leafCount": "100",
    "parent": 0,
  },
  {
    "accessionNbr": "XP_047453511.1",
    "alignIndex": "89",
    "blastName": "bony fishes",
    "collapsed": "0",
    "color": "255 69 0",
    "commonName": "flathead mullet",
    "dist": "0.0542539",
    "id": 3,
    "label": "sodium/glucose cotransporter 4-like [Mugil cephalus]",
    "organism": "Mugil cephalus",
    "parent": 2,
    "seqId": "ref|XP_047453511.1",
    "seqTitle": "sodium/glucose cotransporter 4-like [Mugil cephalus]",
  },
  {
    "collapsed": "0",
    "color": "255 255 0",
    "dist": "0.00493695",
    "id": 4,
    "label": "Multiple organisms",
    "leafCount": "99",
    "parent": 2,
  },
  {
    "collapsed": "0",
    "color": "255 69 0",
    "dist": "0.00363721",
    "id": 5,
    "label": "bony fishes",
    "leafCount": "7",
    "parent": 4,
  },
  {
    "collapsed": "0",
    "color": "255 69 0",
    "dist": "0.00414685",
    "id": 6,
    "label": "bony fishes",
    "leafCount": "6",
    "parent": 5,
  },
  {
    "collapsed": "0",
    "color": "255 69 0",
    "dist": "0.00471774",
    "id": 7,
    "label": "bony fishes",
    "leafCount": "5",
    "parent": 6,
  },
  {
    "collapsed": "0",
    "color": "255 69 0",
    "dist": "0.00564527",
    "id": 8,
    "label": "bony fishes",
    "leafCount": "3",
    "parent": 7,
  },
  {
    "collapsed": "0",
    "color": "255 69 0",
    "dist": "0.00355021",
    "id": 9,
    "label": "bony fishes",
    "leafCount": "2",
    "parent": 8,
  },
  {
    "accessionNbr": "XP_027132400.1",
    "alignIndex": "74",
    "blastName": "bony fishes",
    "collapsed": "0",
    "color": "255 69 0",
    "commonName": "large yellow croaker",
    "dist": "0.0211447",
    "id": 10,
    "label": "sodium/glucose cotransporter 4 isoform X2 [Larimichthys crocea]",
    "organism": "Larimichthys crocea",
    "parent": 9,
    "seqId": "ref|XP_027132400.1",
    "seqTitle": "sodium/glucose cotransporter 4 isoform X2 [Larimichthys crocea]",
  },
  {
    "accessionNbr": "XP_029355149.1",
    "alignIndex": "86",
    "blastName": "bony fishes",
    "collapsed": "0",
    "color": "255 69 0",
    "commonName": "live sharksucker",
    "dist": "0.0424893",
    "id": 11,
    "label": "sodium/glucose cotransporter 4 [Echeneis naucrates]",
    "organism": "Echeneis naucrates",
    "parent": 9,
    "seqId": "ref|XP_029355149.1",
    "seqTitle": "sodium/glucose cotransporter 4 [Echeneis naucrates]",
  },
  {
    "accessionNbr": "XP_023272288.1",
    "alignIndex": "78",
    "blastName": "bony fishes",
    "collapsed": "0",
    "color": "255 69 0",
    "commonName": "Seriola lalandi dorsalis",
    "dist": "0.019596",
    "id": 12,
    "label": "sodium/glucose cotransporter 4 [Seriola lalandi dorsalis]",
    "organism": "Seriola lalandi dorsalis",
    "parent": 8,
    "seqId": "ref|XP_023272288.1",
    "seqTitle": "sodium/glucose cotransporter 4 [Seriola lalandi dorsalis]",
  },
  {
    "collapsed": "0",
    "color": "255 69 0",
    "dist": "0.0270474",
    "id": 13,
    "label": "bony fishes",
    "leafCount": "2",
    "parent": 7,
  },
  {
    "accessionNbr": "XP_035508842.1",
    "alignIndex": "84",
    "blastName": "bony fishes",
    "collapsed": "0",
    "color": "255 69 0",
    "commonName": "striped sea-bass",
    "dist": "0.00478964",
    "id": 14,
    "label": "sodium/glucose cotransporter 4-like [Morone saxatilis]",
    "organism": "Morone saxatilis",
    "parent": 13,
    "seqId": "ref|XP_035508842.1",
    "seqTitle": "sodium/glucose cotransporter 4-like [Morone saxatilis]",
  },
  {
    "accessionNbr": "XP_051259242.1",
    "alignIndex": "90",
    "blastName": "bony fishes",
    "collapsed": "0",
    "color": "255 69 0",
    "commonName": "European seabass",
    "dist": "0.0154144",
    "id": 15,
    "label": "sodium/glucose cotransporter 4 isoform X3 [Dicentrarchus labrax]",
    "organism": "Dicentrarchus labrax",
    "parent": 13,
    "seqId": "ref|XP_051259242.1",
    "seqTitle": "sodium/glucose cotransporter 4 isoform X3 [Dicentrarchus labrax]",
  },
  {
    "accessionNbr": "KAF7647148.1",
    "alignIndex": "98",
    "blastName": "bony fishes",
    "collapsed": "0",
    "color": "255 69 0",
    "commonName": "toothed Cuban cusk-eel",
    "dist": "0.0239964",
    "id": 16,
    "label": "hypothetical protein LDENG_00176490 [Lucifuga dentata]",
    "organism": "Lucifuga dentata",
    "parent": 6,
    "seqId": "gb|KAF7647148.1",
    "seqTitle": "hypothetical protein LDENG_00176490 [Lucifuga dentata]",
  },
  {
    "accessionNbr": "KAK2815967.1",
    "alignIndex": "99",
    "blastName": "bony fishes",
    "collapsed": "0",
    "color": "255 69 0",
    "commonName": "snakehead murrel",
    "dist": "0.0320937",
    "id": 17,
    "label": "hypothetical protein Q5P01_026434 [Channa striata]",
    "organism": "Channa striata",
    "parent": 5,
    "seqId": "gb|KAK2815967.1",
    "seqTitle": "hypothetical protein Q5P01_026434 [Channa striata]",
  },
  {
    "collapsed": "0",
    "color": "255 255 0",
    "dist": "0.0529062",
    "id": 18,
    "label": "Multiple organisms",
    "leafCount": "92",
    "parent": 4,
  },
  {
    "collapsed": "0",
    "color": "255 69 0",
    "dist": "0.00727761",
    "id": 19,
    "label": "bony fishes",
    "leafCount": "5",
    "parent": 18,
  },
  {
    "collapsed": "0",
    "color": "255 69 0",
    "dist": "0.0141141",
    "id": 20,
    "label": "bony fishes",
    "leafCount": "4",
    "parent": 19,
  },
  {
    "collapsed": "0",
    "color": "255 69 0",
    "dist": "0.00916979",
    "id": 21,
    "label": "bony fishes",
    "leafCount": "2",
    "parent": 20,
  },
  {
    "accessionNbr": "XP_065104538.1",
    "alignIndex": "79",
    "blastName": "bony fishes",
    "collapsed": "0",
    "color": "255 69 0",
    "commonName": "Paramisgurnus dabryanus",
    "dist": "0.0412474",
    "id": 22,
    "label": "sodium/glucose cotransporter 4 [Paramisgurnus dabryanus]",
    "organism": "Paramisgurnus dabryanus",
    "parent": 21,
    "seqId": "ref|XP_065104538.1",
    "seqTitle": "sodium/glucose cotransporter 4 [Paramisgurnus dabryanus]",
  },
  {
    "accessionNbr": "XDV49334.1",
    "alignIndex": "85",
    "blastName": "bony fishes",
    "collapsed": "0",
    "color": "255 69 0",
    "commonName": "Amur ide",
    "dist": "0.0281428",
    "id": 23,
    "label": "hypothetical protein PO909_018607 [Leuciscus waleckii]",
    "organism": "Leuciscus waleckii",
    "parent": 21,
    "seqId": "gb|XDV49334.1",
    "seqTitle": "hypothetical protein PO909_018607 [Leuciscus waleckii]",
  },
  {
    "collapsed": "0",
    "color": "255 69 0",
    "dist": "0.0379654",
    "id": 24,
    "label": "bony fishes",
    "leafCount": "2",
    "parent": 20,
  },
  {
    "accessionNbr": "KAK3566464.1",
    "alignIndex": "95",
    "blastName": "bony fishes",
    "collapsed": "0",
    "color": "255 69 0",
    "commonName": "Hemibagrus guttatus",
    "dist": "0",
    "id": 25,
    "label": "hypothetical protein QTP86_033990 [Hemibagrus guttatus]",
    "organism": "Hemibagrus guttatus",
    "parent": 24,
    "seqId": "gb|KAK3566464.1",
    "seqTitle": "hypothetical protein QTP86_033990 [Hemibagrus guttatus]",
  },
  {
    "accessionNbr": "KAK3540312.1",
    "alignIndex": "100",
    "blastName": "bony fishes",
    "collapsed": "0",
    "color": "255 69 0",
    "commonName": "Hemibagrus guttatus",
    "dist": "0",
    "id": 26,
    "label": "hypothetical protein QTP70_029540 [Hemibagrus guttatus]",
    "organism": "Hemibagrus guttatus",
    "parent": 24,
    "seqId": "gb|KAK3540312.1",
    "seqTitle": "hypothetical protein QTP70_029540 [Hemibagrus guttatus]",
  },
  {
    "accessionNbr": "XP_018582246.1",
    "alignIndex": "93",
    "blastName": "bony fishes",
    "collapsed": "0",
    "color": "255 69 0",
    "commonName": "Asian bonytongue",
    "dist": "0.0429552",
    "id": 27,
    "label": "sodium/glucose cotransporter 4 [Scleropages formosus]",
    "organism": "Scleropages formosus",
    "parent": 19,
    "seqId": "ref|XP_018582246.1",
    "seqTitle": "sodium/glucose cotransporter 4 [Scleropages formosus]",
  },
  {
    "collapsed": "0",
    "color": "255 255 0",
    "dist": "0.0146818",
    "id": 28,
    "label": "Multiple organisms",
    "leafCount": "87",
    "parent": 18,
  },
  {
    "collapsed": "0",
    "color": "173 255 47",
    "dist": "0.0270565",
    "id": 29,
    "label": "sharks & rays",
    "leafCount": "2",
    "parent": 28,
  },
  {
    "accessionNbr": "XP_067846354.1",
    "alignIndex": "77",
    "blastName": "sharks & rays",
    "collapsed": "0",
    "color": "173 255 47",
    "commonName": "sharpnose sevengill shark",
    "dist": "0.0172572",
    "id": 30,
    "label": "sodium/glucose cotransporter 4 isoform X2 [Heptranchias perlo]",
    "organism": "Heptranchias perlo",
    "parent": 29,
    "seqId": "ref|XP_067846354.1",
    "seqTitle": "sodium/glucose cotransporter 4 isoform X2 [Heptranchias perlo]",
  },
  {
    "accessionNbr": "XP_032884448.1",
    "alignIndex": "94",
    "blastName": "sharks & rays",
    "collapsed": "0",
    "color": "173 255 47",
    "commonName": "thorny skate",
    "dist": "0.0340586",
    "id": 31,
    "label": "sodium/glucose cotransporter 4 [Amblyraja radiata]",
    "organism": "Amblyraja radiata",
    "parent": 29,
    "seqId": "ref|XP_032884448.1",
    "seqTitle": "sodium/glucose cotransporter 4 [Amblyraja radiata]",
  },
  {
    "collapsed": "0",
    "color": "255 255 0",
    "dist": "0.0245692",
    "id": 32,
    "label": "Multiple organisms",
    "leafCount": "85",
    "parent": 28,
  },
  {
    "collapsed": "0",
    "dist": "0.00985557",
    "id": 33,
    "label": "Multiple organisms",
    "leafCount": "13",
    "parent": 32,
  },
  {
    "collapsed": "0",
    "dist": "0.00576283",
    "id": 34,
    "label": "birds and lizards & snakes",
    "leafCount": "11",
    "parent": 33,
  },
  {
    "accessionNbr": "XP_048354446.1",
    "alignIndex": "44",
    "blastName": "lizards & snakes",
    "collapsed": "0",
    "color": "119 136 153",
    "commonName": "Sphaerodactylus townsendi",
    "dist": "0.0551301",
    "id": 35,
    "label": "sodium/glucose cotransporter 4 isoform X4 [Sphaerodactylus townsendi]",
    "organism": "Sphaerodactylus townsendi",
    "parent": 34,
    "seqId": "ref|XP_048354446.1",
    "seqTitle": "sodium/glucose cotransporter 4 isoform X4 [Sphaerodactylus townsendi]",
  },
  {
    "collapsed": "0",
    "color": "205 102 0",
    "dist": "0.0341556",
    "id": 36,
    "label": "birds",
    "leafCount": "10",
    "parent": 34,
  },
  {
    "collapsed": "0",
    "color": "205 102 0",
    "dist": "0.003862",
    "id": 37,
    "label": "birds",
    "leafCount": "9",
    "parent": 36,
  },
  {
    "collapsed": "0",
    "color": "205 102 0",
    "dist": "0.000939349",
    "id": 38,
    "label": "birds",
    "leafCount": "8",
    "parent": 37,
  },
  {
    "collapsed": "0",
    "color": "205 102 0",
    "dist": "0.00387775",
    "id": 39,
    "label": "birds",
    "leafCount": "7",
    "parent": 38,
  },
  {
    "collapsed": "1",
    "color": "205 102 0",
    "dist": "0.00221618",
    "id": 40,
    "label": "birds",
    "leafCount": "3",
    "parent": 39,
  },
  {
    "accessionNbr": "XP_032853138.2",
    "alignIndex": "69",
    "blastName": "birds",
    "collapsed": "0",
    "color": "205 102 0",
    "commonName": "common barn owl",
    "dist": "0.00856428",
    "id": 41,
    "label": "sodium/glucose cotransporter 4 isoform X3 [Tyto alba]",
    "organism": "Tyto alba",
    "parent": 40,
    "seqId": "ref|XP_032853138.2",
    "seqTitle": "sodium/glucose cotransporter 4 isoform X3 [Tyto alba]",
  },
  {
    "collapsed": "0",
    "color": "205 102 0",
    "dist": "0.0178522",
    "id": 42,
    "label": "birds",
    "leafCount": "2",
    "parent": 40,
  },
  {
    "accessionNbr": "NXA92417.1",
    "alignIndex": "82",
    "blastName": "birds",
    "collapsed": "0",
    "color": "205 102 0",
    "commonName": "Fan-tailed berrypecker",
    "dist": "0.0421678",
    "id": 43,
    "label": "SC5A9 protein [Melanocharis versteri]",
    "organism": "Melanocharis versteri",
    "parent": 42,
    "seqId": "gb|NXA92417.1",
    "seqTitle": "SC5A9 protein [Melanocharis versteri]",
  },
  {
    "accessionNbr": "XP_061307285.1",
    "alignIndex": "96",
    "blastName": "birds",
    "collapsed": "0",
    "color": "205 102 0",
    "commonName": "Pezoporus flaviventris",
    "dist": "0.0411056",
    "id": 44,
    "label": "sodium/glucose cotransporter 4 isoform X2 [Pezoporus flaviventris]",
    "organism": "Pezoporus flaviventris",
    "parent": 42,
    "seqId": "ref|XP_061307285.1",
    "seqTitle": "sodium/glucose cotransporter 4 isoform X2 [Pezoporus flaviventris]",
  },
  {
    "collapsed": "0",
    "color": "205 102 0",
    "dist": "0.00930184",
    "id": 45,
    "label": "birds",
    "leafCount": "4",
    "parent": 39,
  },
  {
    "collapsed": "1",
    "color": "205 102 0",
    "dist": "0.00538432",
    "id": 46,
    "label": "birds",
    "leafCount": "3",
    "parent": 45,
  },
  {
    "collapsed": "0",
    "color": "205 102 0",
    "dist": "0.00265117",
    "id": 47,
    "label": "birds",
    "leafCount": "2",
    "parent": 46,
  },
  {
    "accessionNbr": "OPJ82242.1",
    "alignIndex": "83",
    "blastName": "birds",
    "collapsed": "0",
    "color": "205 102 0",
    "commonName": "Patagioenas fasciata monilis",
    "dist": "0.00355155",
    "id": 48,
    "label": "sodium/glucose cotransporter 4 isoform A [Patagioenas fasciata monilis]",
    "organism": "Patagioenas fasciata monilis",
    "parent": 47,
    "seqId": "gb|OPJ82242.1",
    "seqTitle": "sodium/glucose cotransporter 4 isoform A [Patagioenas fasciata monilis]",
  },
  {
    "accessionNbr": "KAK2519786.1",
    "alignIndex": "75",
    "blastName": "birds",
    "collapsed": "0",
    "color": "205 102 0",
    "commonName": "speckled pigeon",
    "dist": "0.0063009",
    "id": 49,
    "label": "Slc5a9 [Columba guinea]",
    "organism": "Columba guinea",
    "parent": 47,
    "seqId": "gb|KAK2519786.1",
    "seqTitle": "Slc5a9 [Columba guinea]",
  },
  {
    "accessionNbr": "KAF1554115.1",
    "alignIndex": "71",
    "blastName": "birds",
    "collapsed": "0",
    "color": "205 102 0",
    "commonName": "White-flippered penguin",
    "dist": "0.0146721",
    "id": 50,
    "label": "Sodium/glucose cotransporter 4 [Eudyptula albosignata]",
    "organism": "Eudyptula albosignata",
    "parent": 46,
    "seqId": "gb|KAF1554115.1",
    "seqTitle": "Sodium/glucose cotransporter 4 [Eudyptula albosignata]",
  },
  {
    "accessionNbr": "XP_009474726.1",
    "alignIndex": "67",
    "blastName": "birds",
    "collapsed": "0",
    "color": "205 102 0",
    "commonName": "crested ibis",
    "dist": "0.00519046",
    "id": 51,
    "label": "PREDICTED: sodium/glucose cotransporter 4-like [Nipponia nippon]",
    "organism": "Nipponia nippon",
    "parent": 45,
    "seqId": "ref|XP_009474726.1",
    "seqTitle": "PREDICTED: sodium/glucose cotransporter 4-like [Nipponia nippon]",
  },
  {
    "accessionNbr": "XP_048168955.1",
    "alignIndex": "72",
    "blastName": "birds",
    "collapsed": "0",
    "color": "205 102 0",
    "commonName": "hawaiian crow",
    "dist": "0.0165582",
    "id": 52,
    "label": "sodium/glucose cotransporter 4 [Corvus hawaiiensis]",
    "organism": "Corvus hawaiiensis",
    "parent": 38,
    "seqId": "ref|XP_048168955.1",
    "seqTitle": "sodium/glucose cotransporter 4 [Corvus hawaiiensis]",
  },
  {
    "accessionNbr": "XP_067157320.1",
    "alignIndex": "80",
    "blastName": "birds",
    "collapsed": "0",
    "color": "205 102 0",
    "commonName": "North Island brown kiwi",
    "dist": "0.0258712",
    "id": 53,
    "label": "sodium/glucose cotransporter 4 isoform X2 [Apteryx mantelli]",
    "organism": "Apteryx mantelli",
    "parent": 37,
    "seqId": "ref|XP_067157320.1",
    "seqTitle": "sodium/glucose cotransporter 4 isoform X2 [Apteryx mantelli]",
  },
  {
    "accessionNbr": "KFP41522.1",
    "alignIndex": "87",
    "blastName": "birds",
    "collapsed": "0",
    "color": "205 102 0",
    "commonName": "Macqueen's bustard",
    "dist": "0",
    "id": 54,
    "label": "Sodium/glucose cotransporter 4 [Chlamydotis macqueenii]",
    "organism": "Chlamydotis macqueenii",
    "parent": 36,
    "seqId": "gb|KFP41522.1",
    "seqTitle": "Sodium/glucose cotransporter 4 [Chlamydotis macqueenii]",
  },
  {
    "collapsed": "0",
    "dist": "0.0148991",
    "id": 55,
    "label": "snakes and lizards & snakes",
    "leafCount": "2",
    "parent": 33,
  },
  {
    "accessionNbr": "XP_063153971.1",
    "alignIndex": "76",
    "blastName": "snakes",
    "collapsed": "0",
    "color": "0 250 154",
    "commonName": "Candoia aspera",
    "dist": "0.0458153",
    "id": 56,
    "label": "sodium/glucose cotransporter 4 [Candoia aspera]",
    "organism": "Candoia aspera",
    "parent": 55,
    "seqId": "ref|XP_063153971.1",
    "seqTitle": "sodium/glucose cotransporter 4 [Candoia aspera]",
  },
  {
    "accessionNbr": "XP_062834391.1",
    "alignIndex": "91",
    "blastName": "lizards & snakes",
    "collapsed": "0",
    "color": "119 136 153",
    "commonName": "green anole",
    "dist": "0.032634",
    "id": 57,
    "label": "sodium/glucose cotransporter 4 [Anolis carolinensis]",
    "organism": "Anolis carolinensis",
    "parent": 55,
    "seqId": "ref|XP_062834391.1",
    "seqTitle": "sodium/glucose cotransporter 4 [Anolis carolinensis]",
  },
  {
    "collapsed": "0",
    "color": "255 255 0",
    "dist": "0.0206625",
    "id": 58,
    "label": "Multiple organisms",
    "leafCount": "72",
    "parent": 32,
  },
  {
    "collapsed": "0",
    "color": "139 0 0",
    "dist": "0.0260285",
    "id": 59,
    "label": "marsupials",
    "leafCount": "2",
    "parent": 58,
  },
  {
    "accessionNbr": "XP_027694063.1",
    "alignIndex": "88",
    "blastName": "marsupials",
    "collapsed": "0",
    "color": "139 0 0",
    "commonName": "common wombat",
    "dist": "0.0255427",
    "id": 60,
    "label": "sodium/glucose cotransporter 4 isoform X4 [Vombatus ursinus]",
    "organism": "Vombatus ursinus",
    "parent": 59,
    "seqId": "ref|XP_027694063.1",
    "seqTitle": "sodium/glucose cotransporter 4 isoform X4 [Vombatus ursinus]",
  },
  {
    "accessionNbr": "XP_031805253.1",
    "alignIndex": "97",
    "blastName": "marsupials",
    "collapsed": "0",
    "color": "139 0 0",
    "commonName": "Tasmanian devil",
    "dist": "0.0247403",
    "id": 61,
    "label": "sodium/glucose cotransporter 4 [Sarcophilus harrisii]",
    "organism": "Sarcophilus harrisii",
    "parent": 59,
    "seqId": "ref|XP_031805253.1",
    "seqTitle": "sodium/glucose cotransporter 4 [Sarcophilus harrisii]",
  },
  {
    "collapsed": "0",
    "color": "255 255 0",
    "dist": "0.0180981",
    "id": 62,
    "label": "Multiple organisms",
    "leafCount": "70",
    "parent": 58,
  },
  {
    "collapsed": "1",
    "color": "175 127 255",
    "dist": "0.0259591",
    "id": 63,
    "label": "rabbits & hares",
    "leafCount": "2",
    "parent": 62,
  },
  {
    "accessionNbr": "XP_040834616.1",
    "alignIndex": "32",
    "blastName": "rabbits & hares",
    "collapsed": "0",
    "color": "175 127 255",
    "commonName": "black-lipped pika",
    "dist": "0.0493464",
    "id": 64,
    "label": "sodium/glucose cotransporter 4 isoform X1 [Ochotona curzoniae]",
    "organism": "Ochotona curzoniae",
    "parent": 63,
    "seqId": "ref|XP_040834616.1",
    "seqTitle": "sodium/glucose cotransporter 4 isoform X1 [Ochotona curzoniae]",
  },
  {
    "accessionNbr": "XP_062049312.1",
    "alignIndex": "55",
    "blastName": "rabbits & hares",
    "collapsed": "0",
    "color": "175 127 255",
    "commonName": "European hare",
    "dist": "0.041337",
    "id": 65,
    "label": "sodium/glucose cotransporter 4 isoform X1 [Lepus europaeus]",
    "organism": "Lepus europaeus",
    "parent": 63,
    "seqId": "ref|XP_062049312.1",
    "seqTitle": "sodium/glucose cotransporter 4 isoform X1 [Lepus europaeus]",
  },
  {
    "collapsed": "0",
    "color": "255 255 0",
    "dist": "0.00252252",
    "id": 66,
    "label": "Multiple organisms",
    "leafCount": "68",
    "parent": 62,
  },
  {
    "collapsed": "1",
    "color": "128 0 0",
    "dist": "0.0627679",
    "id": 67,
    "label": "rodents",
    "leafCount": "2",
    "parent": 66,
  },
  {
    "accessionNbr": "XP_040144565.1",
    "alignIndex": "56",
    "blastName": "rodents",
    "collapsed": "0",
    "color": "128 0 0",
    "commonName": "thirteen-lined ground squirrel",
    "dist": "0",
    "id": 68,
    "label": "sodium/glucose cotransporter 4 [Ictidomys tridecemlineatus]",
    "organism": "Ictidomys tridecemlineatus",
    "parent": 67,
    "seqId": "ref|XP_040144565.1",
    "seqTitle": "sodium/glucose cotransporter 4 [Ictidomys tridecemlineatus]",
  },
  {
    "accessionNbr": "KAG3283111.1",
    "alignIndex": "66",
    "blastName": "rodents",
    "collapsed": "0",
    "color": "128 0 0",
    "commonName": "thirteen-lined ground squirrel",
    "dist": "0.002558",
    "id": 69,
    "label": "solute carrier family 5 member 9 [Ictidomys tridecemlineatus]",
    "organism": "Ictidomys tridecemlineatus",
    "parent": 67,
    "seqId": "gb|KAG3283111.1",
    "seqTitle": "solute carrier family 5 member 9 [Ictidomys tridecemlineatus]",
  },
  {
    "collapsed": "0",
    "color": "255 255 0",
    "dist": "0.00269954",
    "id": 70,
    "label": "Multiple organisms",
    "leafCount": "66",
    "parent": 66,
  },
  {
    "collapsed": "0",
    "dist": "0.00228741",
    "id": 71,
    "label": "Multiple organisms",
    "leafCount": "59",
    "parent": 70,
  },
  {
    "collapsed": "0",
    "dist": "0.00284975",
    "id": 72,
    "label": "rodents and insectivores",
    "leafCount": "20",
    "parent": 71,
  },
  {
    "collapsed": "0",
    "dist": "0.00258128",
    "id": 73,
    "label": "rodents and insectivores",
    "leafCount": "11",
    "parent": 72,
  },
  {
    "collapsed": "1",
    "dist": "0.00807983",
    "id": 74,
    "label": "rodents and insectivores",
    "leafCount": "4",
    "parent": 73,
  },
  {
    "accessionNbr": "XP_020041956.1",
    "alignIndex": "27",
    "blastName": "rodents",
    "collapsed": "0",
    "color": "128 0 0",
    "commonName": "American beaver",
    "dist": "0.041415",
    "id": 75,
    "label": "sodium/glucose cotransporter 4 isoform X2 [Castor canadensis]",
    "organism": "Castor canadensis",
    "parent": 74,
    "seqId": "ref|XP_020041956.1",
    "seqTitle": "sodium/glucose cotransporter 4 isoform X2 [Castor canadensis]",
  },
  {
    "collapsed": "0",
    "dist": "0.00240504",
    "id": 76,
    "label": "rodents and insectivores",
    "leafCount": "3",
    "parent": 74,
  },
  {
    "accessionNbr": "XP_060061913.1",
    "alignIndex": "38",
    "blastName": "insectivores",
    "collapsed": "0",
    "color": "95 79 95",
    "commonName": "western European hedgehog",
    "dist": "0.062399",
    "id": 77,
    "label": "sodium/glucose cotransporter 4 isoform X1 [Erinaceus europaeus]",
    "organism": "Erinaceus europaeus",
    "parent": 76,
    "seqId": "ref|XP_060061913.1",
    "seqTitle": "sodium/glucose cotransporter 4 isoform X1 [Erinaceus europaeus]",
  },
  {
    "collapsed": "0",
    "color": "128 0 0",
    "dist": "0.0627076",
    "id": 78,
    "label": "rodents",
    "leafCount": "2",
    "parent": 76,
  },
  {
    "accessionNbr": "XP_008846306.1",
    "alignIndex": "24",
    "blastName": "rodents",
    "collapsed": "0",
    "color": "128 0 0",
    "commonName": "Upper Galilee mountains blind mole rat",
    "dist": "0.0507767",
    "id": 79,
    "label": "LOW QUALITY PROTEIN: sodium/glucose cotransporter 4-like [Nannospalax galili]",
    "organism": "Nannospalax galili",
    "parent": 78,
    "seqId": "ref|XP_008846306.1",
    "seqTitle": "LOW QUALITY PROTEIN: sodium/glucose cotransporter 4-like [Nannospalax galili]",
  },
  {
    "accessionNbr": "XP_008820526.1",
    "alignIndex": "45",
    "blastName": "rodents",
    "collapsed": "0",
    "color": "128 0 0",
    "commonName": "Upper Galilee mountains blind mole rat",
    "dist": "0.0351602",
    "id": 80,
    "label": "LOW QUALITY PROTEIN: sodium/glucose cotransporter 4-like [Nannospalax galili]",
    "organism": "Nannospalax galili",
    "parent": 78,
    "seqId": "ref|XP_008820526.1",
    "seqTitle": "LOW QUALITY PROTEIN: sodium/glucose cotransporter 4-like [Nannospalax galili]",
  },
  {
    "collapsed": "0",
    "color": "128 0 0",
    "dist": "0.00695395",
    "id": 81,
    "label": "rodents",
    "leafCount": "7",
    "parent": 73,
  },
  {
    "collapsed": "1",
    "color": "128 0 0",
    "dist": "0.00799763",
    "id": 82,
    "label": "rodents",
    "leafCount": "4",
    "parent": 81,
  },
  {
    "accessionNbr": "XP_063144184.1",
    "alignIndex": "33",
    "blastName": "rodents",
    "collapsed": "0",
    "color": "128 0 0",
    "commonName": "Norway rat",
    "dist": "0.0143683",
    "id": 83,
    "label": "sodium/glucose cotransporter 4 isoform X2 [Rattus norvegicus]",
    "organism": "Rattus norvegicus",
    "parent": 82,
    "seqId": "ref|XP_063144184.1",
    "seqTitle": "sodium/glucose cotransporter 4 isoform X2 [Rattus norvegicus]",
  },
  {
    "collapsed": "0",
    "color": "128 0 0",
    "dist": "0.0126707",
    "id": 84,
    "label": "rodents",
    "leafCount": "3",
    "parent": 82,
  },
  {
    "collapsed": "0",
    "color": "128 0 0",
    "dist": "0.0250761",
    "id": 85,
    "label": "rodents",
    "leafCount": "2",
    "parent": 84,
  },
  {
    "accessionNbr": "XP_006503065.1",
    "alignIndex": "41",
    "blastName": "rodents",
    "collapsed": "0",
    "color": "128 0 0",
    "commonName": "house mouse",
    "dist": "0",
    "id": 86,
    "label": "sodium/glucose cotransporter 4 isoform X3 [Mus musculus]",
    "organism": "Mus musculus",
    "parent": 85,
    "seqId": "ref|XP_006503065.1",
    "seqTitle": "sodium/glucose cotransporter 4 isoform X3 [Mus musculus]",
  },
  {
    "accessionNbr": "NP_663526.3",
    "alignIndex": "51",
    "blastName": "rodents",
    "collapsed": "0",
    "color": "128 0 0",
    "commonName": "house mouse",
    "dist": "0",
    "id": 87,
    "label": "sodium/glucose cotransporter 4 [Mus musculus]",
    "organism": "Mus musculus",
    "parent": 85,
    "seqId": "ref|NP_663526.3",
    "seqTitle": "sodium/glucose cotransporter 4 [Mus musculus]",
  },
  {
    "accessionNbr": "GAB1288744.1",
    "alignIndex": "50",
    "blastName": "rodents",
    "collapsed": "0",
    "color": "128 0 0",
    "commonName": "large Japanese field mouse",
    "dist": "0.0119736",
    "id": 88,
    "label": "Sodium/glucose cotransporter 4 [Apodemus speciosus]",
    "organism": "Apodemus speciosus",
    "parent": 84,
    "seqId": "dbj|GAB1288744.1",
    "seqTitle": "Sodium/glucose cotransporter 4 [Apodemus speciosus]",
  },
  {
    "collapsed": "1",
    "color": "128 0 0",
    "dist": "0.0171736",
    "id": 89,
    "label": "rodents",
    "leafCount": "3",
    "parent": 81,
  },
  {
    "collapsed": "0",
    "color": "128 0 0",
    "dist": "0.00167039",
    "id": 90,
    "label": "rodents",
    "leafCount": "2",
    "parent": 89,
  },
  {
    "accessionNbr": "XP_048309355.1",
    "alignIndex": "34",
    "blastName": "rodents",
    "collapsed": "0",
    "color": "128 0 0",
    "commonName": "Bank vole",
    "dist": "0.0337239",
    "id": 91,
    "label": "sodium/glucose cotransporter 4 [Myodes glareolus]",
    "organism": "Myodes glareolus",
    "parent": 90,
    "seqId": "ref|XP_048309355.1",
    "seqTitle": "sodium/glucose cotransporter 4 [Myodes glareolus]",
  },
  {
    "accessionNbr": "ERE82871.1",
    "alignIndex": "40",
    "blastName": "rodents",
    "collapsed": "0",
    "color": "128 0 0",
    "commonName": "Chinese hamster",
    "dist": "0.0213637",
    "id": 92,
    "label": "sodium/glucose cotransporter 4 [Cricetulus griseus]",
    "organism": "Cricetulus griseus",
    "parent": 90,
    "seqId": "gb|ERE82871.1",
    "seqTitle": "sodium/glucose cotransporter 4 [Cricetulus griseus]",
  },
  {
    "accessionNbr": "KAL1777084.1",
    "alignIndex": "52",
    "blastName": "rodents",
    "collapsed": "0",
    "color": "128 0 0",
    "commonName": "hispid cotton rat",
    "dist": "0.0258852",
    "id": 93,
    "label": "sodium/glucose cotransporter 4 isoform X1 [Sigmodon hispidus]",
    "organism": "Sigmodon hispidus",
    "parent": 89,
    "seqId": "gb|KAL1777084.1",
    "seqTitle": "sodium/glucose cotransporter 4 isoform X1 [Sigmodon hispidus]",
  },
  {
    "collapsed": "1",
    "color": "128 0 0",
    "dist": "0.00609026",
    "id": 94,
    "label": "rodents",
    "leafCount": "9",
    "parent": 72,
  },
  {
    "collapsed": "0",
    "color": "128 0 0",
    "dist": "0.0477424",
    "id": 95,
    "label": "rodents",
    "leafCount": "2",
    "parent": 94,
  },
  {
    "accessionNbr": "XP_048207225.1",
    "alignIndex": "29",
    "blastName": "rodents",
    "collapsed": "0",
    "color": "128 0 0",
    "commonName": "Pacific pocket mouse",
    "dist": "0.0196851",
    "id": 96,
    "label": "sodium/glucose cotransporter 4 isoform X1 [Perognathus longimembris pacificus]",
    "organism": "Perognathus longimembris pacificus",
    "parent": 95,
    "seqId": "ref|XP_048207225.1",
    "seqTitle": "sodium/glucose cotransporter 4 isoform X1 [Perognathus longimembris pacificus]",
  },
  {
    "accessionNbr": "XP_042540781.1",
    "alignIndex": "65",
    "blastName": "rodents",
    "collapsed": "0",
    "color": "128 0 0",
    "commonName": "banner-tailed kangaroo rat",
    "dist": "0.0291245",
    "id": 97,
    "label": "sodium/glucose cotransporter 4 isoform X2 [Dipodomys spectabilis]",
    "organism": "Dipodomys spectabilis",
    "parent": 95,
    "seqId": "ref|XP_042540781.1",
    "seqTitle": "sodium/glucose cotransporter 4 isoform X2 [Dipodomys spectabilis]",
  },
  {
    "collapsed": "0",
    "color": "128 0 0",
    "dist": "0.0121531",
    "id": 98,
    "label": "rodents",
    "leafCount": "7",
    "parent": 94,
  },
  {
    "collapsed": "0",
    "color": "128 0 0",
    "dist": "0.0459646",
    "id": 99,
    "label": "rodents",
    "leafCount": "5",
    "parent": 98,
  },
  {
    "accessionNbr": "XP_063100638.1",
    "alignIndex": "46",
    "blastName": "rodents",
    "collapsed": "0",
    "color": "128 0 0",
    "commonName": "domestic guinea pig",
    "dist": "0",
    "id": 100,
    "label": "sodium/glucose cotransporter 4 isoform X2 [Cavia porcellus]",
    "organism": "Cavia porcellus",
    "parent": 99,
    "seqId": "ref|XP_063100638.1",
    "seqTitle": "sodium/glucose cotransporter 4 isoform X2 [Cavia porcellus]",
  },
  {
    "collapsed": "0",
    "color": "128 0 0",
    "dist": "0.00466332",
    "id": 101,
    "label": "rodents",
    "leafCount": "4",
    "parent": 99,
  },
  {
    "collapsed": "0",
    "color": "128 0 0",
    "dist": "0",
    "id": 102,
    "label": "rodents",
    "leafCount": "3",
    "parent": 101,
  },
  {
    "collapsed": "0",
    "color": "128 0 0",
    "dist": "0",
    "id": 103,
    "label": "rodents",
    "leafCount": "2",
    "parent": 102,
  },
  {
    "accessionNbr": "XP_063092502.1",
    "alignIndex": "49",
    "blastName": "rodents",
    "collapsed": "0",
    "color": "128 0 0",
    "commonName": "domestic guinea pig",
    "dist": "0",
    "id": 104,
    "label": "sodium/glucose cotransporter 4 isoform X1 [Cavia porcellus]",
    "organism": "Cavia porcellus",
    "parent": 103,
    "seqId": "ref|XP_063092502.1",
    "seqTitle": "sodium/glucose cotransporter 4 isoform X1 [Cavia porcellus]",
  },
  {
    "accessionNbr": "XP_063092509.1",
    "alignIndex": "54",
    "blastName": "rodents",
    "collapsed": "0",
    "color": "128 0 0",
    "commonName": "domestic guinea pig",
    "dist": "0",
    "id": 105,
    "label": "sodium/glucose cotransporter 4 isoform X8 [Cavia porcellus]",
    "organism": "Cavia porcellus",
    "parent": 103,
    "seqId": "ref|XP_063092509.1",
    "seqTitle": "sodium/glucose cotransporter 4 isoform X8 [Cavia porcellus]",
  },
  {
    "accessionNbr": "XP_063092508.1",
    "alignIndex": "57",
    "blastName": "rodents",
    "collapsed": "0",
    "color": "128 0 0",
    "commonName": "domestic guinea pig",
    "dist": "0",
    "id": 106,
    "label": "sodium/glucose cotransporter 4 isoform X7 [Cavia porcellus]",
    "organism": "Cavia porcellus",
    "parent": 102,
    "seqId": "ref|XP_063092508.1",
    "seqTitle": "sodium/glucose cotransporter 4 isoform X7 [Cavia porcellus]",
  },
  {
    "accessionNbr": "XP_063092504.1",
    "alignIndex": "61",
    "blastName": "rodents",
    "collapsed": "0",
    "color": "128 0 0",
    "commonName": "domestic guinea pig",
    "dist": "0",
    "id": 107,
    "label": "sodium/glucose cotransporter 4 isoform X3 [Cavia porcellus]",
    "organism": "Cavia porcellus",
    "parent": 101,
    "seqId": "ref|XP_063092504.1",
    "seqTitle": "sodium/glucose cotransporter 4 isoform X3 [Cavia porcellus]",
  },
  {
    "collapsed": "0",
    "color": "128 0 0",
    "dist": "0.0276769",
    "id": 108,
    "label": "rodents",
    "leafCount": "2",
    "parent": 98,
  },
  {
    "accessionNbr": "KFO20908.1",
    "alignIndex": "47",
    "blastName": "rodents",
    "collapsed": "0",
    "color": "128 0 0",
    "commonName": "Damara mole-rat",
    "dist": "0.0203417",
    "id": 109,
    "label": "Sodium/glucose cotransporter 4 [Fukomys damarensis]",
    "organism": "Fukomys damarensis",
    "parent": 108,
    "seqId": "gb|KFO20908.1",
    "seqTitle": "Sodium/glucose cotransporter 4 [Fukomys damarensis]",
  },
  {
    "accessionNbr": "XP_004869353.1",
    "alignIndex": "58",
    "blastName": "rodents",
    "collapsed": "0",
    "color": "128 0 0",
    "commonName": "naked mole-rat",
    "dist": "0.0284678",
    "id": 110,
    "label": "sodium/glucose cotransporter 4 [Heterocephalus glaber]",
    "organism": "Heterocephalus glaber",
    "parent": 108,
    "seqId": "ref|XP_004869353.1",
    "seqTitle": "sodium/glucose cotransporter 4 [Heterocephalus glaber]",
  },
  {
    "collapsed": "0",
    "dist": "0.00280067",
    "id": 111,
    "label": "Multiple organisms",
    "leafCount": "39",
    "parent": 71,
  },
  {
    "collapsed": "0",
    "dist": "0.00684353",
    "id": 112,
    "label": "Multiple organisms",
    "leafCount": "35",
    "parent": 111,
  },
  {
    "collapsed": "1",
    "color": "95 79 95",
    "dist": "0.0369119",
    "id": 113,
    "label": "insectivores",
    "leafCount": "2",
    "parent": 112,
  },
  {
    "accessionNbr": "XP_049630678.1",
    "alignIndex": "64",
    "blastName": "insectivores",
    "collapsed": "0",
    "color": "95 79 95",
    "commonName": "white-toothed pygmy shrew",
    "dist": "0.0557849",
    "id": 114,
    "label": "sodium/glucose cotransporter 4 [Suncus etruscus]",
    "organism": "Suncus etruscus",
    "parent": 113,
    "seqId": "ref|XP_049630678.1",
    "seqTitle": "sodium/glucose cotransporter 4 [Suncus etruscus]",
  },
  {
    "accessionNbr": "XP_054995640.1",
    "alignIndex": "81",
    "blastName": "insectivores",
    "collapsed": "0",
    "color": "95 79 95",
    "commonName": "European shrew",
    "dist": "0.0639068",
    "id": 115,
    "label": "sodium/glucose cotransporter 4-like [Sorex araneus]",
    "organism": "Sorex araneus",
    "parent": 113,
    "seqId": "ref|XP_054995640.1",
    "seqTitle": "sodium/glucose cotransporter 4-like [Sorex araneus]",
  },
  {
    "collapsed": "0",
    "dist": "0.00714319",
    "id": 116,
    "label": "Multiple organisms",
    "leafCount": "33",
    "parent": 112,
  },
  {
    "collapsed": "0",
    "dist": "0.00268523",
    "id": 117,
    "label": "Multiple organisms",
    "leafCount": "14",
    "parent": 116,
  },
  {
    "collapsed": "1",
    "color": "191 159 0",
    "dist": "0.00566364",
    "id": 118,
    "label": "carnivores",
    "leafCount": "11",
    "parent": 117,
  },
  {
    "collapsed": "0",
    "color": "191 159 0",
    "dist": "0.00706922",
    "id": 119,
    "label": "carnivores",
    "leafCount": "4",
    "parent": 118,
  },
  {
    "collapsed": "0",
    "color": "191 159 0",
    "dist": "0.0123613",
    "id": 120,
    "label": "carnivores",
    "leafCount": "3",
    "parent": 119,
  },
  {
    "accessionNbr": "XP_058573436.1",
    "alignIndex": "13",
    "blastName": "carnivores",
    "collapsed": "0",
    "color": "191 159 0",
    "commonName": "Clouded leopard",
    "dist": "0.00227714",
    "id": 121,
    "label": "sodium/glucose cotransporter 4 isoform X2 [Neofelis nebulosa]",
    "organism": "Neofelis nebulosa",
    "parent": 120,
    "seqId": "ref|XP_058573436.1",
    "seqTitle": "sodium/glucose cotransporter 4 isoform X2 [Neofelis nebulosa]",
  },
  {
    "collapsed": "0",
    "color": "191 159 0",
    "dist": "0.00237671",
    "id": 122,
    "label": "carnivores",
    "leafCount": "2",
    "parent": 120,
  },
  {
    "accessionNbr": "XP_053069896.1",
    "alignIndex": "17",
    "blastName": "carnivores",
    "collapsed": "0",
    "color": "191 159 0",
    "commonName": "cheetah",
    "dist": "0.00175724",
    "id": 123,
    "label": "sodium/glucose cotransporter 4 isoform X2 [Acinonyx jubatus]",
    "organism": "Acinonyx jubatus",
    "parent": 122,
    "seqId": "ref|XP_053069896.1",
    "seqTitle": "sodium/glucose cotransporter 4 isoform X2 [Acinonyx jubatus]",
  },
  {
    "accessionNbr": "XP_025782554.1",
    "alignIndex": "92",
    "blastName": "carnivores",
    "collapsed": "0",
    "color": "191 159 0",
    "commonName": "puma",
    "dist": "0.0724186",
    "id": 124,
    "label": "sodium/glucose cotransporter 4 [Puma concolor]",
    "organism": "Puma concolor",
    "parent": 122,
    "seqId": "ref|XP_025782554.1",
    "seqTitle": "sodium/glucose cotransporter 4 [Puma concolor]",
  },
  {
    "accessionNbr": "XP_039080583.1",
    "alignIndex": "22",
    "blastName": "carnivores",
    "collapsed": "0",
    "color": "191 159 0",
    "commonName": "striped hyena",
    "dist": "0.0129333",
    "id": 125,
    "label": "sodium/glucose cotransporter 4 [Hyaena hyaena]",
    "organism": "Hyaena hyaena",
    "parent": 119,
    "seqId": "ref|XP_039080583.1",
    "seqTitle": "sodium/glucose cotransporter 4 [Hyaena hyaena]",
  },
  {
    "collapsed": "0",
    "color": "191 159 0",
    "dist": "0.00195789",
    "id": 126,
    "label": "carnivores",
    "leafCount": "7",
    "parent": 118,
  },
  {
    "collapsed": "0",
    "color": "191 159 0",
    "dist": "0.00543913",
    "id": 127,
    "label": "carnivores",
    "leafCount": "5",
    "parent": 126,
  },
  {
    "accessionNbr": "XP_057166637.1",
    "alignIndex": "15",
    "blastName": "carnivores",
    "collapsed": "0",
    "color": "191 159 0",
    "commonName": "brown bear",
    "dist": "0.0235686",
    "id": 128,
    "label": "sodium/glucose cotransporter 4 isoform X2 [Ursus arctos]",
    "organism": "Ursus arctos",
    "parent": 127,
    "seqId": "ref|XP_057166637.1",
    "seqTitle": "sodium/glucose cotransporter 4 isoform X2 [Ursus arctos]",
  },
  {
    "collapsed": "0",
    "color": "191 159 0",
    "dist": "0.00244857",
    "id": 129,
    "label": "carnivores",
    "leafCount": "4",
    "parent": 127,
  },
  {
    "collapsed": "0",
    "color": "191 159 0",
    "dist": "0.0137535",
    "id": 130,
    "label": "carnivores",
    "leafCount": "2",
    "parent": 129,
  },
  {
    "accessionNbr": "XP_045872762.1",
    "alignIndex": "5",
    "blastName": "carnivores",
    "collapsed": "0",
    "color": "191 159 0",
    "commonName": "Eurasian badger",
    "dist": "0.00409373",
    "id": 131,
    "label": "sodium/glucose cotransporter 4 isoform X2 [Meles meles]",
    "organism": "Meles meles",
    "parent": 130,
    "seqId": "ref|XP_045872762.1",
    "seqTitle": "sodium/glucose cotransporter 4 isoform X2 [Meles meles]",
  },
  {
    "accessionNbr": "XP_058992933.1",
    "alignIndex": "10",
    "blastName": "carnivores",
    "collapsed": "0",
    "color": "191 159 0",
    "commonName": "European mink",
    "dist": "0.00915189",
    "id": 132,
    "label": "sodium/glucose cotransporter 4 isoform X2 [Mustela lutreola]",
    "organism": "Mustela lutreola",
    "parent": 130,
    "seqId": "ref|XP_058992933.1",
    "seqTitle": "sodium/glucose cotransporter 4 isoform X2 [Mustela lutreola]",
  },
  {
    "collapsed": "0",
    "color": "191 159 0",
    "dist": "0.0316958",
    "id": 133,
    "label": "carnivores",
    "leafCount": "2",
    "parent": 129,
  },
  {
    "accessionNbr": "XP_045751378.1",
    "alignIndex": "18",
    "blastName": "carnivores",
    "collapsed": "0",
    "color": "191 159 0",
    "commonName": "Northern elephant seal",
    "dist": "0",
    "id": 134,
    "label": "sodium/glucose cotransporter 4 [Mirounga angustirostris]",
    "organism": "Mirounga angustirostris",
    "parent": 133,
    "seqId": "ref|XP_045751378.1",
    "seqTitle": "sodium/glucose cotransporter 4 [Mirounga angustirostris]",
  },
  {
    "accessionNbr": "KAF3819860.1",
    "alignIndex": "73",
    "blastName": "carnivores",
    "collapsed": "0",
    "color": "191 159 0",
    "commonName": "Southern elephant seal",
    "dist": "0.00727812",
    "id": 135,
    "label": "hypothetical protein GH733_015369 [Mirounga leonina]",
    "organism": "Mirounga leonina",
    "parent": 133,
    "seqId": "gb|KAF3819860.1",
    "seqTitle": "hypothetical protein GH733_015369 [Mirounga leonina]",
  },
  {
    "collapsed": "0",
    "color": "191 159 0",
    "dist": "0.0401107",
    "id": 136,
    "label": "carnivores",
    "leafCount": "2",
    "parent": 126,
  },
  {
    "accessionNbr": "XP_072628315.1",
    "alignIndex": "42",
    "blastName": "carnivores",
    "collapsed": "0",
    "color": "191 159 0",
    "commonName": "Mexican gray wolf",
    "dist": "0",
    "id": 137,
    "label": "sodium/glucose cotransporter 4 [Canis lupus baileyi]",
    "organism": "Canis lupus baileyi",
    "parent": 136,
    "seqId": "ref|XP_072628315.1",
    "seqTitle": "sodium/glucose cotransporter 4 [Canis lupus baileyi]",
  },
  {
    "accessionNbr": "XP_048950330.1",
    "alignIndex": "59",
    "blastName": "carnivores",
    "collapsed": "0",
    "color": "191 159 0",
    "commonName": "dingo",
    "dist": "0",
    "id": 138,
    "label": "sodium/glucose cotransporter 4 isoform X2 [Canis lupus dingo]",
    "organism": "Canis lupus dingo",
    "parent": 136,
    "seqId": "ref|XP_048950330.1",
    "seqTitle": "sodium/glucose cotransporter 4 isoform X2 [Canis lupus dingo]",
  },
  {
    "collapsed": "1",
    "dist": "0.00598938",
    "id": 139,
    "label": "Multiple organisms",
    "leafCount": "3",
    "parent": 117,
  },
  {
    "collapsed": "0",
    "dist": "0.00581225",
    "id": 140,
    "label": "insectivores and even-toed ungulates & whales",
    "leafCount": "2",
    "parent": 139,
  },
  {
    "accessionNbr": "XP_047645111.1",
    "alignIndex": "7",
    "blastName": "even-toed ungulates & whales",
    "collapsed": "0",
    "color": "255 0 255",
    "commonName": "Common warthog",
    "dist": "0.040008",
    "id": 141,
    "label": "LOW QUALITY PROTEIN: sodium/glucose cotransporter 4 [Phacochoerus africanus]",
    "organism": "Phacochoerus africanus",
    "parent": 140,
    "seqId": "ref|XP_047645111.1",
    "seqTitle": "LOW QUALITY PROTEIN: sodium/glucose cotransporter 4 [Phacochoerus africanus]",
  },
  {
    "accessionNbr": "KAG8505433.1",
    "alignIndex": "16",
    "blastName": "insectivores",
    "collapsed": "0",
    "color": "95 79 95",
    "commonName": "Galemys pyrenaicus",
    "dist": "0.0585911",
    "id": 142,
    "label": "Sodium/glucose cotransporter 4 [Galemys pyrenaicus]",
    "organism": "Galemys pyrenaicus",
    "parent": 140,
    "seqId": "gb|KAG8505433.1",
    "seqTitle": "Sodium/glucose cotransporter 4 [Galemys pyrenaicus]",
  },
  {
    "accessionNbr": "KAF5923190.1",
    "alignIndex": "6",
    "blastName": "odd-toed ungulates",
    "collapsed": "0",
    "color": "30 144 255",
    "commonName": "Diceros bicornis minor",
    "dist": "0.0521427",
    "id": 143,
    "label": "hypothetical protein HPG69_012280 [Diceros bicornis minor]",
    "organism": "Diceros bicornis minor",
    "parent": 139,
    "seqId": "gb|KAF5923190.1",
    "seqTitle": "hypothetical protein HPG69_012280 [Diceros bicornis minor]",
  },
  {
    "collapsed": "0",
    "dist": "0.00250721",
    "id": 144,
    "label": "Multiple organisms",
    "leafCount": "19",
    "parent": 116,
  },
  {
    "collapsed": "1",
    "dist": "0.00652844",
    "id": 145,
    "label": "Multiple organisms",
    "leafCount": "12",
    "parent": 144,
  },
  {
    "collapsed": "0",
    "dist": "0.00636541",
    "id": 146,
    "label": "even-toed ungulates & whales and whales & dolphins",
    "leafCount": "11",
    "parent": 145,
  },
  {
    "collapsed": "0",
    "color": "255 0 255",
    "dist": "0.0308665",
    "id": 147,
    "label": "even-toed ungulates & whales",
    "leafCount": "3",
    "parent": 146,
  },
  {
    "collapsed": "0",
    "color": "255 0 255",
    "dist": "0.00499054",
    "id": 148,
    "label": "even-toed ungulates & whales",
    "leafCount": "2",
    "parent": 147,
  },
  {
    "accessionNbr": "XP_045369767.1",
    "alignIndex": "8",
    "blastName": "even-toed ungulates & whales",
    "collapsed": "0",
    "color": "255 0 255",
    "commonName": "Bactrian camel",
    "dist": "0",
    "id": 149,
    "label": "sodium/glucose cotransporter 4 isoform X3 [Camelus bactrianus]",
    "organism": "Camelus bactrianus",
    "parent": 148,
    "seqId": "ref|XP_045369767.1",
    "seqTitle": "sodium/glucose cotransporter 4 isoform X3 [Camelus bactrianus]",
  },
  {
    "accessionNbr": "XP_064349677.1",
    "alignIndex": "31",
    "blastName": "even-toed ungulates & whales",
    "collapsed": "0",
    "color": "255 0 255",
    "commonName": "Arabian camel",
    "dist": "0",
    "id": 150,
    "label": "sodium/glucose cotransporter 4 isoform X3 [Camelus dromedarius]",
    "organism": "Camelus dromedarius",
    "parent": 148,
    "seqId": "ref|XP_064349677.1",
    "seqTitle": "sodium/glucose cotransporter 4 isoform X3 [Camelus dromedarius]",
  },
  {
    "accessionNbr": "XP_072830595.1",
    "alignIndex": "70",
    "blastName": "even-toed ungulates & whales",
    "collapsed": "0",
    "color": "255 0 255",
    "commonName": "alpaca",
    "dist": "0.00997289",
    "id": 151,
    "label": "sodium/glucose cotransporter 4 isoform X2 [Vicugna pacos]",
    "organism": "Vicugna pacos",
    "parent": 147,
    "seqId": "ref|XP_072830595.1",
    "seqTitle": "sodium/glucose cotransporter 4 isoform X2 [Vicugna pacos]",
  },
  {
    "collapsed": "0",
    "dist": "0.00964615",
    "id": 152,
    "label": "even-toed ungulates & whales and whales & dolphins",
    "leafCount": "8",
    "parent": 146,
  },
  {
    "collapsed": "0",
    "color": "255 0 255",
    "dist": "0.00738144",
    "id": 153,
    "label": "even-toed ungulates & whales",
    "leafCount": "6",
    "parent": 152,
  },
  {
    "collapsed": "0",
    "color": "255 0 255",
    "dist": "0.00263614",
    "id": 154,
    "label": "even-toed ungulates & whales",
    "leafCount": "4",
    "parent": 153,
  },
  {
    "collapsed": "0",
    "color": "255 0 255",
    "dist": "0.00202071",
    "id": 155,
    "label": "even-toed ungulates & whales",
    "leafCount": "2",
    "parent": 154,
  },
  {
    "accessionNbr": "XP_060264781.1",
    "alignIndex": "12",
    "blastName": "even-toed ungulates & whales",
    "collapsed": "0",
    "color": "255 0 255",
    "commonName": "sheep",
    "dist": "0.00047252",
    "id": 156,
    "label": "sodium/glucose cotransporter 4 isoform X4 [Ovis aries]",
    "organism": "Ovis aries",
    "parent": 155,
    "seqId": "ref|XP_060264781.1",
    "seqTitle": "sodium/glucose cotransporter 4 isoform X4 [Ovis aries]",
  },
  {
    "accessionNbr": "XDB48372.1",
    "alignIndex": "53",
    "blastName": "even-toed ungulates & whales",
    "collapsed": "0",
    "color": "255 0 255",
    "commonName": "goat",
    "dist": "0.00861858",
    "id": 157,
    "label": "hypothetical protein ABFV05_001988 [Capra hircus]",
    "organism": "Capra hircus",
    "parent": 155,
    "seqId": "gb|XDB48372.1",
    "seqTitle": "hypothetical protein ABFV05_001988 [Capra hircus]",
  },
  {
    "collapsed": "0",
    "color": "255 0 255",
    "dist": "0.000742905",
    "id": 158,
    "label": "even-toed ungulates & whales",
    "leafCount": "2",
    "parent": 154,
  },
  {
    "accessionNbr": "XP_040087155.1",
    "alignIndex": "11",
    "blastName": "even-toed ungulates & whales",
    "collapsed": "0",
    "color": "255 0 255",
    "commonName": "scimitar-horned oryx",
    "dist": "0.0133447",
    "id": 159,
    "label": "sodium/glucose cotransporter 4 isoform X3 [Oryx dammah]",
    "organism": "Oryx dammah",
    "parent": 158,
    "seqId": "ref|XP_040087155.1",
    "seqTitle": "sodium/glucose cotransporter 4 isoform X3 [Oryx dammah]",
  },
  {
    "accessionNbr": "KAI4549590.1",
    "alignIndex": "30",
    "blastName": "even-toed ungulates & whales",
    "collapsed": "0",
    "color": "255 0 255",
    "commonName": "Ovis ammon polii",
    "dist": "0",
    "id": 160,
    "label": "hypothetical protein MG293_001920 [Ovis ammon polii]",
    "organism": "Ovis ammon polii",
    "parent": 158,
    "seqId": "gb|KAI4549590.1",
    "seqTitle": "hypothetical protein MG293_001920 [Ovis ammon polii]",
  },
  {
    "collapsed": "0",
    "color": "255 0 255",
    "dist": "0.00677476",
    "id": 161,
    "label": "even-toed ungulates & whales",
    "leafCount": "2",
    "parent": 153,
  },
  {
    "accessionNbr": "KAB0362281.1",
    "alignIndex": "14",
    "blastName": "even-toed ungulates & whales",
    "collapsed": "0",
    "color": "255 0 255",
    "commonName": "muntjak",
    "dist": "0.00992665",
    "id": 162,
    "label": "hypothetical protein FD754_006437 [Muntiacus muntjak]",
    "organism": "Muntiacus muntjak",
    "parent": 161,
    "seqId": "gb|KAB0362281.1",
    "seqTitle": "hypothetical protein FD754_006437 [Muntiacus muntjak]",
  },
  {
    "accessionNbr": "NP_001192865.1",
    "alignIndex": "35",
    "blastName": "even-toed ungulates & whales",
    "collapsed": "0",
    "color": "255 0 255",
    "commonName": "domestic cattle",
    "dist": "0.00754193",
    "id": 163,
    "label": "sodium/glucose cotransporter 4 [Bos taurus]",
    "organism": "Bos taurus",
    "parent": 161,
    "seqId": "ref|NP_001192865.1",
    "seqTitle": "sodium/glucose cotransporter 4 [Bos taurus]",
  },
  {
    "collapsed": "0",
    "color": "143 143 47",
    "dist": "0.0193238",
    "id": 164,
    "label": "whales & dolphins",
    "leafCount": "2",
    "parent": 152,
  },
  {
    "accessionNbr": "TKC33942.1",
    "alignIndex": "20",
    "blastName": "whales & dolphins",
    "collapsed": "0",
    "color": "143 143 47",
    "commonName": "narwhal",
    "dist": "0",
    "id": 165,
    "label": "hypothetical protein EI555_009795 [Monodon monoceros]",
    "organism": "Monodon monoceros",
    "parent": 164,
    "seqId": "gb|TKC33942.1",
    "seqTitle": "hypothetical protein EI555_009795 [Monodon monoceros]",
  },
  {
    "accessionNbr": "XP_029087106.1",
    "alignIndex": "21",
    "blastName": "whales & dolphins",
    "collapsed": "0",
    "color": "143 143 47",
    "commonName": "narwhal",
    "dist": "0",
    "id": 166,
    "label": "sodium/glucose cotransporter 4 isoform X1 [Monodon monoceros]",
    "organism": "Monodon monoceros",
    "parent": 164,
    "seqId": "ref|XP_029087106.1",
    "seqTitle": "sodium/glucose cotransporter 4 isoform X1 [Monodon monoceros]",
  },
  {
    "accessionNbr": "KAF6508126.1",
    "alignIndex": "19",
    "blastName": "bats",
    "collapsed": "0",
    "color": "223 11 95",
    "commonName": "Egyptian rousette",
    "dist": "0.0312987",
    "id": 167,
    "label": "solute carrier family 5 member 9 [Rousettus aegyptiacus]",
    "organism": "Rousettus aegyptiacus",
    "parent": 145,
    "seqId": "gb|KAF6508126.1",
    "seqTitle": "solute carrier family 5 member 9 [Rousettus aegyptiacus]",
  },
  {
    "collapsed": "1",
    "dist": "0.00403713",
    "id": 168,
    "label": "bats and placentals",
    "leafCount": "7",
    "parent": 144,
  },
  {
    "collapsed": "0",
    "dist": "0.00286028",
    "id": 169,
    "label": "placentals and bats",
    "leafCount": "5",
    "parent": 168,
  },
  {
    "collapsed": "0",
    "color": "223 11 95",
    "dist": "0.007964",
    "id": 170,
    "label": "bats",
    "leafCount": "2",
    "parent": 169,
  },
  {
    "accessionNbr": "XP_045713223.1",
    "alignIndex": "9",
    "blastName": "bats",
    "collapsed": "0",
    "color": "223 11 95",
    "commonName": "greater spear-nosed bat",
    "dist": "0.0164318",
    "id": 171,
    "label": "sodium/glucose cotransporter 4 isoform X2 [Phyllostomus hastatus]",
    "organism": "Phyllostomus hastatus",
    "parent": 170,
    "seqId": "ref|XP_045713223.1",
    "seqTitle": "sodium/glucose cotransporter 4 isoform X2 [Phyllostomus hastatus]",
  },
  {
    "accessionNbr": "XP_045060204.2",
    "alignIndex": "63",
    "blastName": "bats",
    "collapsed": "0",
    "color": "223 11 95",
    "commonName": "common vampire bat",
    "dist": "0.028704",
    "id": 172,
    "label": "sodium/glucose cotransporter 4 isoform X2 [Desmodus rotundus]",
    "organism": "Desmodus rotundus",
    "parent": 170,
    "seqId": "ref|XP_045060204.2",
    "seqTitle": "sodium/glucose cotransporter 4 isoform X2 [Desmodus rotundus]",
  },
  {
    "collapsed": "0",
    "color": "0 100 0",
    "dist": "0.025522",
    "id": 173,
    "label": "placentals",
    "leafCount": "3",
    "parent": 169,
  },
  {
    "collapsed": "0",
    "color": "0 100 0",
    "dist": "0.0118767",
    "id": 174,
    "label": "placentals",
    "leafCount": "2",
    "parent": 173,
  },
  {
    "accessionNbr": "XP_057356172.1",
    "alignIndex": "25",
    "blastName": "placentals",
    "collapsed": "0",
    "color": "0 100 0",
    "commonName": "Chinese pangolin",
    "dist": "0",
    "id": 175,
    "label": "sodium/glucose cotransporter 4 isoform X3 [Manis pentadactyla]",
    "organism": "Manis pentadactyla",
    "parent": 174,
    "seqId": "ref|XP_057356172.1",
    "seqTitle": "sodium/glucose cotransporter 4 isoform X3 [Manis pentadactyla]",
  },
  {
    "accessionNbr": "KAI5139292.1",
    "alignIndex": "28",
    "blastName": "placentals",
    "collapsed": "0",
    "color": "0 100 0",
    "commonName": "Chinese pangolin",
    "dist": "0",
    "id": 176,
    "label": "Sodium/Glucose Cotransporter 4 [Manis pentadactyla]",
    "organism": "Manis pentadactyla",
    "parent": 174,
    "seqId": "gb|KAI5139292.1",
    "seqTitle": "Sodium/Glucose Cotransporter 4 [Manis pentadactyla]",
  },
  {
    "accessionNbr": "KAK2507223.1",
    "alignIndex": "26",
    "blastName": "placentals",
    "collapsed": "0",
    "color": "0 100 0",
    "commonName": "giant pangolin",
    "dist": "0.0106995",
    "id": 177,
    "label": "hypothetical protein MC885_004934 [Smutsia gigantea]",
    "organism": "Smutsia gigantea",
    "parent": 173,
    "seqId": "gb|KAK2507223.1",
    "seqTitle": "hypothetical protein MC885_004934 [Smutsia gigantea]",
  },
  {
    "collapsed": "0",
    "color": "223 11 95",
    "dist": "0.0327171",
    "id": 178,
    "label": "bats",
    "leafCount": "2",
    "parent": 168,
  },
  {
    "accessionNbr": "XP_036207129.1",
    "alignIndex": "39",
    "blastName": "bats",
    "collapsed": "0",
    "color": "223 11 95",
    "commonName": "Myotis myotis",
    "dist": "0.0208648",
    "id": 179,
    "label": "sodium/glucose cotransporter 4 [Myotis myotis]",
    "organism": "Myotis myotis",
    "parent": 178,
    "seqId": "ref|XP_036207129.1",
    "seqTitle": "sodium/glucose cotransporter 4 [Myotis myotis]",
  },
  {
    "accessionNbr": "XP_036300702.1",
    "alignIndex": "68",
    "blastName": "bats",
    "collapsed": "0",
    "color": "223 11 95",
    "commonName": "Kuhl's pipistrelle",
    "dist": "0.01942",
    "id": 180,
    "label": "sodium/glucose cotransporter 4 isoform X2 [Pipistrellus kuhlii]",
    "organism": "Pipistrellus kuhlii",
    "parent": 178,
    "seqId": "ref|XP_036300702.1",
    "seqTitle": "sodium/glucose cotransporter 4 isoform X2 [Pipistrellus kuhlii]",
  },
  {
    "collapsed": "1",
    "color": "0 100 0",
    "dist": "0.000282852",
    "id": 181,
    "label": "placentals",
    "leafCount": "4",
    "parent": 111,
  },
  {
    "accessionNbr": "XP_008566431.1",
    "alignIndex": "48",
    "blastName": "placentals",
    "collapsed": "0",
    "color": "0 100 0",
    "commonName": "Sunda flying lemur",
    "dist": "0.0539514",
    "id": 182,
    "label": "PREDICTED: sodium/glucose cotransporter 4 isoform X1 [Galeopterus variegatus]",
    "organism": "Galeopterus variegatus",
    "parent": 181,
    "seqId": "ref|XP_008566431.1",
    "seqTitle": "PREDICTED: sodium/glucose cotransporter 4 isoform X1 [Galeopterus variegatus]",
  },
  {
    "collapsed": "0",
    "color": "0 100 0",
    "dist": "0.002798",
    "id": 183,
    "label": "placentals",
    "leafCount": "3",
    "parent": 181,
  },
  {
    "accessionNbr": "ELW67058.1",
    "alignIndex": "23",
    "blastName": "placentals",
    "collapsed": "0",
    "color": "0 100 0",
    "commonName": "Chinese tree shrew",
    "dist": "0.0298369",
    "id": 184,
    "label": "Sodium/glucose cotransporter 4 [Tupaia chinensis]",
    "organism": "Tupaia chinensis",
    "parent": 183,
    "seqId": "gb|ELW67058.1",
    "seqTitle": "Sodium/glucose cotransporter 4 [Tupaia chinensis]",
  },
  {
    "collapsed": "0",
    "color": "0 100 0",
    "dist": "0.0087096",
    "id": 185,
    "label": "placentals",
    "leafCount": "2",
    "parent": 183,
  },
  {
    "accessionNbr": "XP_071073562.1",
    "alignIndex": "37",
    "blastName": "placentals",
    "collapsed": "0",
    "color": "0 100 0",
    "commonName": "nine-banded armadillo",
    "dist": "0.0331039",
    "id": 186,
    "label": "sodium/glucose cotransporter 4 isoform X4 [Dasypus novemcinctus]",
    "organism": "Dasypus novemcinctus",
    "parent": 185,
    "seqId": "ref|XP_071073562.1",
    "seqTitle": "sodium/glucose cotransporter 4 isoform X4 [Dasypus novemcinctus]",
  },
  {
    "accessionNbr": "XP_006879713.1",
    "alignIndex": "43",
    "blastName": "placentals",
    "collapsed": "0",
    "color": "0 100 0",
    "commonName": "Cape elephant shrew",
    "dist": "0.052833",
    "id": 187,
    "label": "PREDICTED: sodium/glucose cotransporter 4 isoform X2 [Elephantulus edwardii]",
    "organism": "Elephantulus edwardii",
    "parent": 185,
    "seqId": "ref|XP_006879713.1",
    "seqTitle": "PREDICTED: sodium/glucose cotransporter 4 isoform X2 [Elephantulus edwardii]",
  },
  {
    "collapsed": "1",
    "color": "255 255 0",
    "dist": "0.0127205",
    "id": 188,
    "label": "primates and unknown",
    "leafCount": "7",
    "parent": 70,
  },
  {
    "accessionNbr": "XP_069336052.1",
    "alignIndex": "36",
    "blastName": "primates",
    "collapsed": "0",
    "color": "0 255 0",
    "commonName": "Bennett's brown lemur",
    "dist": "0.0240427",
    "id": 189,
    "label": "sodium/glucose cotransporter 4 isoform X5 [Eulemur rufifrons]",
    "organism": "Eulemur rufifrons",
    "parent": 188,
    "seqId": "ref|XP_069336052.1",
    "seqTitle": "sodium/glucose cotransporter 4 isoform X5 [Eulemur rufifrons]",
  },
  {
    "collapsed": "0",
    "color": "255 255 0",
    "dist": "0.0252977",
    "id": 190,
    "label": "primates and unknown",
    "leafCount": "6",
    "parent": 188,
  },
  {
    "accessionNbr": "PNJ53786.1",
    "alignIndex": "1",
    "blastName": "primates",
    "collapsed": "0",
    "color": "0 255 0",
    "commonName": "Sumatran orangutan",
    "dist": "0.00737265",
    "id": 191,
    "label": "SLC5A9 isoform 2 [Pongo abelii]",
    "organism": "Pongo abelii",
    "parent": 190,
    "seqId": "gb|PNJ53786.1",
    "seqTitle": "SLC5A9 isoform 2 [Pongo abelii]",
  },
  {
    "collapsed": "0",
    "color": "255 255 0",
    "dist": "0.00199573",
    "id": 192,
    "label": "primates and unknown",
    "leafCount": "5",
    "parent": 190,
  },
  {
    "accessionNbr": "PNI71621.1",
    "alignIndex": "3",
    "blastName": "primates",
    "collapsed": "0",
    "color": "0 255 0",
    "commonName": "chimpanzee",
    "dist": "0",
    "id": 193,
    "label": "SLC5A9 isoform 5 [Pan troglodytes]",
    "organism": "Pan troglodytes",
    "parent": 192,
    "seqId": "gb|PNI71621.1",
    "seqTitle": "SLC5A9 isoform 5 [Pan troglodytes]",
  },
  {
    "collapsed": "0",
    "color": "255 255 0",
    "dist": "0.00179617",
    "id": 194,
    "label": "primates and unknown",
    "leafCount": "4",
    "parent": 192,
  },
  {
    "accessionNbr": "XP_001164090.2",
    "alignIndex": "2",
    "blastName": "primates",
    "collapsed": "0",
    "color": "0 255 0",
    "commonName": "chimpanzee",
    "dist": "0",
    "id": 195,
    "label": "sodium/glucose cotransporter 4 isoform X5 [Pan troglodytes]",
    "organism": "Pan troglodytes",
    "parent": 194,
    "seqId": "ref|XP_001164090.2",
    "seqTitle": "sodium/glucose cotransporter 4 isoform X5 [Pan troglodytes]",
  },
  {
    "collapsed": "0",
    "color": "255 255 0",
    "dist": "0.00365811",
    "id": 196,
    "label": "primates and unknown",
    "leafCount": "3",
    "parent": 194,
  },
  {
    "accessionNbr": "BAG58877.1",
    "alignIndex": "62",
    "blastName": "primates",
    "collapsed": "0",
    "color": "0 255 0",
    "commonName": "human",
    "dist": "0",
    "id": 197,
    "label": "unnamed protein product [Homo sapiens]",
    "organism": "Homo sapiens",
    "parent": 196,
    "seqId": "dbj|BAG58877.1",
    "seqTitle": "unnamed protein product [Homo sapiens]",
  },
  {
    "collapsed": "0",
    "color": "255 255 0",
    "dist": "0.000945753",
    "id": 198,
    "label": "unknown and primates",
    "leafCount": "2",
    "parent": 196,
  },
  {
    "$LABEL_TAG_COLOR": "255 0 0",
    "accessionNbr": "Query_7855214",
    "alignIndex": "0",
    "blastName": "unknown",
    "collapsed": "0",
    "color": "255 255 0",
    "commonName": "unknown",
    "dist": "0.000137657",
    "id": 199,
    "label": "unnamed protein product",
    "node-info": "query",
    "organism": "unknown",
    "parent": 198,
    "seqId": "lcl|Query_7855214",
    "seqTitle": "unnamed protein product",
  },
  {
    "accessionNbr": "NP_001128653.1",
    "alignIndex": "4",
    "blastName": "primates",
    "collapsed": "0",
    "color": "0 255 0",
    "commonName": "human",
    "dist": "0",
    "id": 200,
    "label": "sodium/glucose cotransporter 4 isoform 1 [Homo sapiens]",
    "organism": "Homo sapiens",
    "parent": 198,
    "seqId": "ref|NP_001128653.1",
    "seqTitle": "sodium/glucose cotransporter 4 isoform 1 [Homo sapiens]",
  },
]
`;
